09:56:31 **** Incremental Build of configuration Debug for project 001_HAL_GpioInputOutput ****
make -j16 all 
arm-none-eabi-gcc "../Src/main.c" -mcpu=cortex-m4 -std=gnu11 -g3 -DDEBUG -DSTM32 -DSTM32F4 -DNUCLEO_F446RE -DSTM32F446xx=STM32F446xx -c -I../Inc -I"D:/Udemy_Course/STM32_HAL_Driver_Development/STM32_HAL_Driver_Developement/workspace/001_HAL_GpioInputOutput/Drivers/CMSIS/Device/ST/STM32F4xx/Include" -I"D:/Udemy_Course/STM32_HAL_Driver_Development/STM32_HAL_Driver_Developement/workspace/001_HAL_GpioInputOutput/Drivers/CMSIS/Include" -I"D:/Udemy_Course/STM32_HAL_Driver_Development/STM32_HAL_Driver_Developement/workspace/001_HAL_GpioInputOutput/Drivers/STM32F4xx_HAL_Driver/Inc" -O0 -ffunction-sections -fdata-sections -Wall -fstack-usage -fcyclomatic-complexity -MMD -MP -MF"Src/main.d" -MT"Src/main.o" --specs=nano.specs -mfpu=fpv4-sp-d16 -mfloat-abi=hard -mthumb -o "Src/main.o"
arm-none-eabi-gcc -o "001_HAL_GpioInputOutput.elf" @"objects.list"   -mcpu=cortex-m4 -T"D:\Udemy_Course\STM32_HAL_Driver_Development\STM32_HAL_Driver_Developement\workspace\001_HAL_GpioInputOutput\STM32F446RETX_FLASH.ld" --specs=nosys.specs -Wl,-Map="001_HAL_GpioInputOutput.map" -Wl,--gc-sections -static --specs=nano.specs -mfpu=fpv4-sp-d16 -mfloat-abi=hard -mthumb -Wl,--start-group -lc -lm -Wl,--end-group
Finished building target: 001_HAL_GpioInputOutput.elf
 
arm-none-eabi-size  001_HAL_GpioInputOutput.elf 
arm-none-eabi-objdump -h -S 001_HAL_GpioInputOutput.elf  > "001_HAL_GpioInputOutput.list"
   text	   data	    bss	    dec	    hex	filename
   2568	     12	   1572	   4152	   1038	001_HAL_GpioInputOutput.elf
Finished building: default.size.stdout
 
Finished building: 001_HAL_GpioInputOutput.list
 
09:56:40 **** Incremental Build of configuration Debug for project 001_HAL_GpioInputOutput ****
make -j16 all 
arm-none-eabi-size  001_HAL_GpioInputOutput.elf 
   text	   data	    bss	    dec	    hex	filename
   2568	     12	   1572	   4152	   1038	001_HAL_GpioInputOutput.elf
Finished building: default.size.stdout
 
09:56:44 **** Incremental Build of configuration Debug for project 001_HAL_GpioInputOutput ****
make -j16 all 
arm-none-eabi-size  001_HAL_GpioInputOutput.elf 
   text	   data	    bss	    dec	    hex	filename
   2568	     12	   1572	   4152	   1038	001_HAL_GpioInputOutput.elf
Finished building: default.size.stdout
 
09:58:13 **** Incremental Build of configuration Debug for project 001_HAL_GpioInputOutput ****
make -j16 all 
arm-none-eabi-gcc "../Src/main.c" -mcpu=cortex-m4 -std=gnu11 -g3 -DDEBUG -DSTM32 -DSTM32F4 -DNUCLEO_F446RE -DSTM32F446xx=STM32F446xx -c -I../Inc -I"D:/Udemy_Course/STM32_HAL_Driver_Development/STM32_HAL_Driver_Developement/workspace/001_HAL_GpioInputOutput/Drivers/CMSIS/Device/ST/STM32F4xx/Include" -I"D:/Udemy_Course/STM32_HAL_Driver_Development/STM32_HAL_Driver_Developement/workspace/001_HAL_GpioInputOutput/Drivers/CMSIS/Include" -I"D:/Udemy_Course/STM32_HAL_Driver_Development/STM32_HAL_Driver_Developement/workspace/001_HAL_GpioInputOutput/Drivers/STM32F4xx_HAL_Driver/Inc" -O0 -ffunction-sections -fdata-sections -Wall -fstack-usage -fcyclomatic-complexity -MMD -MP -MF"Src/main.d" -MT"Src/main.o" --specs=nano.specs -mfpu=fpv4-sp-d16 -mfloat-abi=hard -mthumb -o "Src/main.o"
arm-none-eabi-gcc -o "001_HAL_GpioInputOutput.elf" @"objects.list"   -mcpu=cortex-m4 -T"D:\Udemy_Course\STM32_HAL_Driver_Development\STM32_HAL_Driver_Developement\workspace\001_HAL_GpioInputOutput\STM32F446RETX_FLASH.ld" --specs=nosys.specs -Wl,-Map="001_HAL_GpioInputOutput.map" -Wl,--gc-sections -static --specs=nano.specs -mfpu=fpv4-sp-d16 -mfloat-abi=hard -mthumb -Wl,--start-group -lc -lm -Wl,--end-group
Finished building target: 001_HAL_GpioInputOutput.elf
 
arm-none-eabi-size  001_HAL_GpioInputOutput.elf 
arm-none-eabi-objdump -h -S 001_HAL_GpioInputOutput.elf  > "001_HAL_GpioInputOutput.list"
   text	   data	    bss	    dec	    hex	filename
   2568	     12	   1572	   4152	   1038	001_HAL_GpioInputOutput.elf
Finished building: default.size.stdout
 
Finished building: 001_HAL_GpioInputOutput.list
 
09:58:18 **** Incremental Build of configuration Debug for project 001_HAL_GpioInputOutput ****
make -j16 all 
arm-none-eabi-size  001_HAL_GpioInputOutput.elf 
   text	   data	    bss	    dec	    hex	filename
   2568	     12	   1572	   4152	   1038	001_HAL_GpioInputOutput.elf
Finished building: default.size.stdout
 
